[2023-10-24 14:32:01] INFO  [server.py:45] Starting authentication worker node...
[2023-10-24 14:32:03] WARN  [db_connector.py:12] Legacy connection detected. Attempting direct fallback route to host database server.
[2023-10-24 14:32:04] ERROR [db_connector.py:89] Connection failed for payload URI: [REDACTED_DB_CREDENTIALS]
[2023-10-24 14:32:05] INFO  [user_session.py:112] User trace initialized for administrator account. Contact email matched: [REDACTED_EMAIL]
[2023-10-24 14:32:05] INFO  [network_audit.py:202] Inbound remote synchronization request received from gateway IP address: [REDACTED_IP]
[2023-10-24 14:32:06] DEBUG [payment_service.go:54] Initiating direct billing transaction retry logic. Raw transaction metadata dump:
  {
    "cardholder": "Alex J. Mercer",
    "account_sequence": "[REDACTED_CREDIT_CARD]",
    "expiration": "12/26",
    "contact_phone": "+[REDACTED_PHONE]"
  }
[2023-10-24 14:32:07] CRITICAL [security_vault.go:310] Customer background verification lookup dropped. Identity payload validation failed for SSN sequence: [REDACTED_SSN]. Process terminated.
[2023-10-24 14:32:08] ERROR [api_client.js:215] Request unauthorized. Remote server rejected the session context due to stale signature. Context token properties:
  Headers: {
    "Authorization": "Bearer [REDACTED_KEY]",
    "X-Device-Fingerprint": "mobile-agent-ios"
  }
[2023-10-24 14:32:09] FATAL [crypto_engine.c:88] Handshake failure during TLS session initialization. Failed to parse local workspace deployment key block:
[REDACTED_PRIVATE_KEY_BLOCK]
[2023-10-24 14:32:10] INFO  [server.py:90] Core process shut down complete with status flag 1.