[2023-10-24 14:32:01] INFO  [server.py:45] Starting authentication worker node...
[2023-10-24 14:32:03] WARN  [db_connector.py:12] Legacy connection detected. Attempting direct fallback route to host database server.
[2023-10-24 14:32:04] ERROR [db_connector.py:89] Connection failed for payload URI: postgresql://admin_user:P@ssword12345!@db-primary.internal.net:5432/production_analytics
[2023-10-24 14:32:05] INFO  [user_session.py:112] User trace initialized for administrator account. Contact email matched: systems-admin@enterprise-cloud.org
[2023-10-24 14:32:05] INFO  [network_audit.py:202] Inbound remote synchronization request received from gateway IP address: 198.51.100.42
[2023-10-24 14:32:06] DEBUG [payment_service.go:54] Initiating direct billing transaction retry logic. Raw transaction metadata dump:
  {
    "cardholder": "Alex J. Mercer",
    "account_sequence": "4111 2222 3333 4444",
    "expiration": "12/26",
    "contact_phone": "+1-555-867-5309"
  }
[2023-10-24 14:32:07] CRITICAL [security_vault.go:310] Customer background verification lookup dropped. Identity payload validation failed for SSN sequence: 000-12-3456. Process terminated.
[2023-10-24 14:32:08] ERROR [api_client.js:215] Request unauthorized. Remote server rejected the session context due to stale signature. Context token properties:
  Headers: {
    "Authorization": "Bearer ghp_A1B2C3D4E5F6G7H8I9J0K1L2M3N4O5P6Q7R8",
    "X-Device-Fingerprint": "mobile-agent-ios"
  }
[2023-10-24 14:32:09] FATAL [crypto_engine.c:88] Handshake failure during TLS session initialization. Failed to parse local workspace deployment key block:
-----BEGIN OPENSSH PRIVATE KEY-----
MIIEvgIBADANBgkqhkiG9w0BAQEFAASCBKgwggSkAgEAAoIBAQC3c5d6X7z
e1A2b3c4d5e6f7g8h9i0j1k2l3m4n5o6p7q8r9s0t1u2v3w4x5y6z7a8b9c
-----END OPENSSH PRIVATE KEY-----
[2023-10-24 14:32:10] INFO  [server.py:90] Core process shut down complete with status flag 1.